ever take a look behind the eyes of the hacker?  Did you ever wonder what
        I am a hacker, enter my world...
        I am a hacker, and this is my manifesto.  You may stop this individual,
Search completed.
